test_control_flow.py(6, 4): ✅ pass - ite_cond_calls_Any_to_bool_0
test_control_flow.py(11, 4): ✅ pass - assert_assert(154)_calls_Any_to_bool_0
test_control_flow.py(11, 4): ✅ pass - assert(154)
test_control_flow.py(17, 4): ✅ pass - ite_cond_calls_Any_to_bool_0
test_control_flow.py(18, 8): ✅ pass - ite_cond_calls_Any_to_bool_0
test_control_flow.py(25, 4): ✅ pass - assert_assert(416)_calls_Any_to_bool_0
test_control_flow.py(25, 4): ✅ pass - assert(416)
test_control_flow.py(31, 7): ✅ pass - Check PGt exception
test_control_flow.py(31, 4): ✅ pass - ite_cond_calls_Any_to_bool_0
test_control_flow.py(36, 4): ✅ pass - assert_assert(609)_calls_Any_to_bool_0
test_control_flow.py(36, 4): ✅ pass - assert(609)
test_control_flow.py(42, 7): ✅ pass - Check PGt exception
test_control_flow.py(42, 4): ✅ pass - ite_cond_calls_Any_to_bool_0
test_control_flow.py(43, 11): ✅ pass - Check PLt exception
test_control_flow.py(43, 8): ✅ pass - ite_cond_calls_Any_to_bool_0
test_control_flow.py(50, 4): ✅ pass - assert_assert(857)_calls_Any_to_bool_0
test_control_flow.py(50, 4): ✅ pass - assert(857)
test_control_flow.py(56, 7): ✅ pass - Check PLe exception
test_control_flow.py(56, 4): ✅ pass - ite_cond_calls_Any_to_bool_0
test_control_flow.py(61, 4): ✅ pass - assert_assert(1048)_calls_Any_to_bool_0
test_control_flow.py(61, 4): ✅ pass - assert(1048)
test_control_flow.py(67, 7): ✅ pass - Check PGe exception
test_control_flow.py(67, 4): ✅ pass - ite_cond_calls_Any_to_bool_0
test_control_flow.py(72, 4): ✅ pass - assert_assert(1224)_calls_Any_to_bool_0
test_control_flow.py(72, 4): ✅ pass - assert(1224)
test_control_flow.py(74, 0): ✅ pass - ite_cond_calls_Any_to_bool_0
DETAIL: 26 passed, 0 failed, 0 inconclusive
RESULT: Analysis success
