
==== Verification Results ====
ret_type: ✅ pass (at byte 19780)
ret_type: ✅ pass (at byte 20210)
ret_pos: ✅ pass (at byte 20706)
assert_name_is_foo: ✅ pass (at byte 21376)
assert_opt_name_none_or_bar: ✅ pass (at byte 21439)
assert(102): ✅ pass (at line 7, col 4)
assert(226): ✅ pass (at line 12, col 4)
assert(345): ✅ pass (at line 16, col 4)
assert(458): ✅ pass (at line 20, col 4)
assert(567): ✅ pass (at line 24, col 4)
