test_nested_calls.py(2, 11): ❓ unknown - Check PMul!AnyMaybeExcept exception
test_nested_calls.py(5, 11): ❓ unknown - Check PAdd!AnyMaybeExcept exception
test_nested_calls.py(10, 4): ✅ pass - assert_assert(153)_calls_Any_to_bool_0
test_nested_calls.py(10, 4): ❓ unknown - assert(153)
test_nested_calls.py(14, 4): ✅ pass - assert_assert(254)_calls_Any_to_bool_0
test_nested_calls.py(14, 4): ❓ unknown - assert(254)
test_nested_calls.py(18, 4): ✅ pass - assert_assert(356)_calls_Any_to_bool_0
test_nested_calls.py(18, 4): ❓ unknown - assert(356)
test_nested_calls.py(20, 0): ✅ pass - ite_cond_calls_Any_to_bool_0
DETAIL: 4 passed, 0 failed, 5 inconclusive
RESULT: Inconclusive
