test_strings.py(6, 4): ✅ pass - assert_assert(114)_calls_Any_to_bool_0
test_strings.py(6, 4): ✅ pass - assert(114)
test_strings.py(11, 4): ✅ pass - assert_assert(264)_calls_Any_to_bool_0
test_strings.py(11, 4): ✅ pass - assert(264)
test_strings.py(13, 0): ✅ pass - ite_cond_calls_Any_to_bool_0
DETAIL: 5 passed, 0 failed, 0 inconclusive
RESULT: Analysis success
