
==== Verification Results ====
assert_assert(81)_calls_Any_get_0: ✅ pass (at line 7, col 0)
assert_assert(81)_calls_Any_to_bool_1: ✅ pass (at line 7, col 0)
assert(81): ✅ pass (at line 7, col 0)
assert_assert(118)_calls_Any_get_0: ✅ pass (at line 8, col 0)
assert_assert(118)_calls_Any_to_bool_1: ✅ pass (at line 8, col 0)
assert(118): ✅ pass (at line 8, col 0)
Check Any_sets!AnyMaybeExcept exception: ✅ pass (at line 10, col 0)
assert_assert(172)_calls_Any_get_0: ✅ pass (at line 11, col 0)
assert_assert(172)_calls_Any_to_bool_1: ✅ pass (at line 11, col 0)
assert(172): ✅ pass (at line 11, col 0)
assert_assert(204)_calls_PIn_0: ✅ pass (at line 13, col 0)
assert_assert(204)_calls_Any_to_bool_1: ✅ pass (at line 13, col 0)
assert(204): ✅ pass (at line 13, col 0)
assert_assert(228)_calls_PNotIn_0: ✅ pass (at line 14, col 0)
assert_assert(228)_calls_Any_to_bool_1: ✅ pass (at line 14, col 0)
assert(228): ✅ pass (at line 14, col 0)
assert_assert(403)_calls_Any_get_0: ✅ pass (at line 23, col 0)
assert_assert(403)_calls_Any_get_1: ✅ pass (at line 23, col 0)
assert_assert(403)_calls_Any_get_2: ✅ pass (at line 23, col 0)
assert_assert(403)_calls_Any_to_bool_3: ✅ pass (at line 23, col 0)
assert(403): ✅ pass (at line 23, col 0)
assert_assert(457)_calls_Any_get_0: ✅ pass (at line 24, col 0)
assert_assert(457)_calls_Any_get_1: ✅ pass (at line 24, col 0)
assert_assert(457)_calls_Any_get_2: ✅ pass (at line 24, col 0)
assert_assert(457)_calls_Any_to_bool_3: ✅ pass (at line 24, col 0)
assert(457): ✅ pass (at line 24, col 0)
Check Any_sets!AnyMaybeExcept exception: ✅ pass (at line 26, col 0)
assert_assert(557)_calls_Any_get_0: ✅ pass (at line 27, col 0)
assert_assert(557)_calls_Any_get_1: ✅ pass (at line 27, col 0)
assert_assert(557)_calls_Any_get_2: ✅ pass (at line 27, col 0)
assert_assert(557)_calls_Any_to_bool_3: ✅ pass (at line 27, col 0)
assert(557): ✅ pass (at line 27, col 0)

DETAIL: 32 passed, 0 failed, 0 inconclusive
RESULT: Analysis success
