test_method_kwargs_no_hierarchy.py(5, 41): ❓ unknown - (Calculator@add ensures) Return type constraint
test_method_kwargs_no_hierarchy.py(9, 4): ✅ pass - (Calculator@__init__ requires) Type constraint of base
unknown location: ✅ pass - assert_assert(0)_calls_Any_get_or_none_0
unknown location: ✅ pass - assert(0)
test_method_kwargs_no_hierarchy.py(11, 18): ✅ pass - init_calls_Any_get_or_none_0
test_method_kwargs_no_hierarchy.py(11, 18): ✅ pass - (Calculator@add requires) Type constraint of x
test_method_kwargs_no_hierarchy.py(11, 18): ✅ pass - (Calculator@add requires) Type constraint of y
test_method_kwargs_no_hierarchy.py(11, 4): ✅ pass - assert(254)
test_method_kwargs_no_hierarchy.py(12, 4): ❓ unknown - assert(286)
test_method_kwargs_no_hierarchy.py(8, 14): ✅ pass - (main ensures) Return type constraint
DETAIL: 8 passed, 0 failed, 2 inconclusive
RESULT: Inconclusive
