test_pass_stmt.py(3, 7): ✅ pass - Check PGt exception
test_pass_stmt.py(3, 4): ✅ pass - ite_cond_calls_Any_to_bool_0
test_pass_stmt.py(6, 12): ✅ pass - Check PAdd exception
test_pass_stmt.py(7, 4): ✅ pass - pass is noop
test_pass_stmt.py(7, 4): ✅ pass - pass is noop
DETAIL: 5 passed, 0 failed, 0 inconclusive
RESULT: Analysis success
