test_field_write.py(4, 4): ✅ pass - Heap reference counter monotone (Cell@__init__)
test_field_write.py(8, 4): ✅ pass - (Cell@__init__ requires) Type constraint of val
test_field_write.py(10, 4): ✅ pass - field overwritten
test_field_write.py(7, 0): ✅ pass - Heap reference counter monotone (test_oop_field_write)
unknown location: ✅ pass - Heap reference counter monotone (__main__)
DETAIL: 5 passed, 0 failed, 0 inconclusive
RESULT: Analysis success
