test_timedelta_expr.py(4, 0): ✅ pass - (Origin_timedelta_Requires)
test_timedelta_expr.py(4, 0): ✅ pass - (Origin_timedelta_Requires)hours_type
test_timedelta_expr.py(4, 0): ✅ pass - (Origin_timedelta_Requires)days_pos
test_timedelta_expr.py(4, 0): ✅ pass - (Origin_timedelta_Requires)hours_pos
test_timedelta_expr.py(6, 0): ✅ pass - assert(140)
DETAIL: 5 passed, 0 failed, 0 inconclusive
RESULT: Analysis success
