
==== Verification Results ====
datetime_now_ensures_0: ✅ pass (at byte 7395)
datetime_utcnow_ensures_0: ✅ pass (at byte 7633)
ensures_str_strp_reverse: ✅ pass (at byte 9027)
assert_name_is_foo: ✅ pass (at byte 11341)
assert_opt_name_none_or_str: ✅ pass (at byte 11391)
assert_opt_name_none_or_bar: ✅ pass (at byte 11538)
ensures_maybe_except_none: ✅ pass (at byte 11244)
(Origin_test_helper_procedure_Requires)req_name_is_foo: 🟡 unknown (at byte 10907)
(Origin_test_helper_procedure_Requires)req_opt_name_none_or_str: ✅ pass (at byte 10956)
(Origin_test_helper_procedure_Requires)req_opt_name_none_or_bar: ✅ pass (at byte 11102)
