unknown location: ✅ pass - Heap reference counter monotone
test_field_write.py(4, 4): ❓ unknown - postcondition_1
test_field_write.py(8, 4): ✅ pass - (Cell@__init__ requires) Type constraint of val
test_field_write.py(10, 4): ✅ pass - field overwritten
unknown location: ✅ pass - Heap reference counter monotone
test_field_write.py(7, 0): ✅ pass - postcondition_1
DETAIL: 5 passed, 0 failed, 1 inconclusive
RESULT: Inconclusive
