test_function_def_calls.py(6, 4): ❓ unknown - (Origin_test_helper_procedure_Requires)req_name_is_foo
test_function_def_calls.py(6, 4): ✅ pass - (Origin_test_helper_procedure_Requires)req_opt_name_none_or_str
test_function_def_calls.py(6, 4): ✅ pass - (Origin_test_helper_procedure_Requires)req_opt_name_none_or_bar
test_function_def_calls.py(9, 4): ✅ pass - (my_f requires) Type constraint of s
DETAIL: 3 passed, 0 failed, 1 inconclusive
RESULT: Inconclusive
