test_variable_reassign.py(4, 4): ✅ pass - assert_assert(59)_calls_Any_to_bool_0
test_variable_reassign.py(4, 4): ✅ pass - assert(59)
test_variable_reassign.py(6, 4): ✅ pass - assert_assert(104)_calls_Any_to_bool_0
test_variable_reassign.py(6, 4): ✅ pass - assert(104)
test_variable_reassign.py(8, 4): ✅ pass - assert_assert(158)_calls_Any_to_bool_0
test_variable_reassign.py(8, 4): ✅ pass - assert(158)
test_variable_reassign.py(13, 4): ✅ pass - loop_guard_calls_Any_to_bool_0
test_variable_reassign.py(13, 4): ✅ pass - loop_guard_end_calls_Any_to_bool_0
test_variable_reassign.py(16, 4): ✅ pass - assert_assert(318)_calls_Any_to_bool_0
test_variable_reassign.py(16, 4): ❓ unknown - assert(318)
test_variable_reassign.py(21, 4): ✅ pass - ite_cond_calls_Any_to_bool_0
test_variable_reassign.py(25, 4): ✅ pass - assert_assert(496)_calls_Any_to_bool_0
test_variable_reassign.py(25, 4): ✅ pass - assert(496)
test_variable_reassign.py(28, 4): ✅ pass - ite_cond_calls_Any_to_bool_0
test_variable_reassign.py(32, 4): ✅ pass - assert_assert(612)_calls_Any_to_bool_0
test_variable_reassign.py(32, 4): ✅ pass - assert(612)
test_variable_reassign.py(34, 0): ✅ pass - ite_cond_calls_Any_to_bool_0
DETAIL: 16 passed, 0 failed, 1 inconclusive
RESULT: Inconclusive
