test_constructor_no_args.py(6, 4): ✅ pass - callElimAssert_requires_2
test_constructor_no_args.py(7, 4): ✅ pass - assert_assert(107)_calls_Any_to_bool_0
test_constructor_no_args.py(7, 4): ✅ pass - constructor returns object
test_constructor_no_args.py(5, 0): ✅ pass - postcondition
DETAIL: 4 passed, 0 failed, 0 inconclusive
RESULT: Analysis success
