
==== Verification Results ====
(greet ensures) Return type constraint: ✅ pass
loop_guard_calls_Any_to_bool_0: ✅ pass (at line 8, col 4)
loop_guard_end_calls_Any_to_bool_0: ✅ pass (at line 8, col 4)
(power ensures) Return type constraint: ❓ unknown
callElimAssert_requires_0_21: ✅ pass
callElimAssert_requires_1_22: ✅ pass
assert_assert(325)_calls_Any_to_bool_0: ✅ pass (at line 15, col 4)
assert(325): ❓ unknown (at line 15, col 4)
callElimAssert_requires_0_15: ✅ pass
callElimAssert_requires_1_16: ✅ pass
assert_assert(421)_calls_Any_to_bool_0: ✅ pass (at line 18, col 4)
assert(421): ❓ unknown (at line 18, col 4)
callElimAssert_requires_0_9: ✅ pass
callElimAssert_requires_1_10: ✅ pass
assert_assert(501)_calls_Any_to_bool_0: ✅ pass (at line 21, col 4)
Assertion failed at line 21, col 4: assert(501): ❌ fail
callElimAssert_requires_0_3: ✅ pass
callElimAssert_requires_1_4: ✅ pass
assert_assert(571)_calls_Any_to_bool_0: ✅ pass (at line 24, col 4)
Assertion failed at line 24, col 4: assert(571): ❌ fail
ite_cond_calls_Any_to_bool_0: ✅ pass (at line 26, col 0)

DETAIL: 16 passed, 2 failed, 3 inconclusive
RESULT: Failures found
