test_break_continue.py(3, 10): ✅ pass - Check PNot exception
test_break_continue.py(3, 4): ✅ pass - loop_guard_calls_Any_to_bool_0
unknown location: ✅ pass - (test_while_break ensures) Return type constraint
test_break_continue.py(8, 10): ✅ pass - Check PNot exception
test_break_continue.py(8, 4): ✅ pass - loop_guard_calls_Any_to_bool_0
test_break_continue.py(8, 4): ✅ pass - loop_guard_end_calls_Any_to_bool_0
unknown location: ✅ pass - (test_while_continue ensures) Return type constraint
unknown location: ✅ pass - assume_assume(0)_calls_PIn_0
unknown location: ✅ pass - assume_assume(0)_calls_Any_to_bool_1
unknown location: ✅ pass - (test_for_break ensures) Return type constraint
unknown location: ✅ pass - assume_assume(0)_calls_PIn_0
unknown location: ✅ pass - assume_assume(0)_calls_Any_to_bool_1
unknown location: ✅ pass - (test_for_continue ensures) Return type constraint
DETAIL: 13 passed, 0 failed, 0 inconclusive
RESULT: Analysis success
