test_class_field_use.py(18, 11): ❓ unknown - Check PMul!AnyMaybeExcept exception
test_class_field_use.py(12, 4): ✅ pass - callElimAssert_requires_7
test_class_field_use.py(14, 4): ✅ pass - assert_assert(285)_calls_Any_to_bool_0
test_class_field_use.py(14, 4): ❓ unknown - assert(285)
DETAIL: 2 passed, 0 failed, 2 inconclusive
RESULT: Inconclusive
