test_class_with_methods.py(23, 4): ✔️ always true if reached - main_assert(484)_19
test_class_with_methods.py(24, 4): ✔️ always true if reached - get_count should return 30
test_class_with_methods.py(26, 4): ✔️ always true if reached - main_assert(569)_21
test_class_with_methods.py(27, 4): ✔️ always true if reached - get_name should return mystore
test_class_with_methods.py(29, 4): ✔️ always true if reached - assert_name_is_foo
test_class_with_methods.py(29, 4): ✔️ always true if reached - assert_opt_name_none_or_str
test_class_with_methods.py(29, 4): ✔️ always true if reached - assert_opt_name_none_or_bar
DETAIL: 7 passed, 0 failed, 0 inconclusive
RESULT: Analysis success
