
==== Verification Results ====
Check PGt!AnyMaybeExcept exception: ✅ pass (at line 2, col 3)
ite_cond_calls_Any_to_bool_0: ✅ pass (at line 2, col 0)
Check PGt!AnyMaybeExcept exception: ✅ pass (at line 3, col 7)
ite_cond_calls_Any_to_bool_0: ✅ pass (at line 3, col 4)
assert_assert(91)_calls_Any_to_bool_0: ✅ pass (at line 8, col 0)
assert(91): ✅ pass (at line 8, col 0)

DETAIL: 6 passed, 0 failed, 0 inconclusive
RESULT: Analysis success
