unknown location: ✅ pass - set_LaurelResult_calls_POr_0
unknown location: ✅ pass - set_LaurelResult_calls_POr_0
test_bool_or.py(4, 11): ✅ pass - ite_cond_calls_POr_0
test_bool_or.py(4, 4): ✅ pass - assert_assert(63)_calls_POr_0
test_bool_or.py(4, 4): ✅ pass - assert_assert(63)_calls_Any_to_bool_1
test_bool_or.py(4, 4): ✅ pass - true or false
test_bool_or.py(5, 11): ✅ pass - ite_cond_calls_POr_0
test_bool_or.py(5, 4): ✅ pass - assert_assert(98)_calls_POr_0
test_bool_or.py(5, 4): ✅ pass - assert_assert(98)_calls_Any_to_bool_1
test_bool_or.py(5, 4): ✅ pass - false or false
DETAIL: 10 passed, 0 failed, 0 inconclusive
RESULT: Analysis success
