
==== Verification Results ====
Assertion failed at line 2, col 7: Check PLt!AnyMaybeExcept exception: ❌ fail
Assertion failed at line 2, col 4: ite_cond_calls_Any_to_bool_0: ❌ fail
ite_cond_calls_Any_to_bool_0: ✅ pass (at line 4, col 4)
Check PLt!AnyMaybeExcept exception: ❓ unknown (at line 6, col 9)
ite_cond_calls_Any_to_bool_0: ❓ unknown (at line 6, col 4)
Check PNeg!AnyMaybeExcept exception: ✅ pass (at line 12, col 23)
assert_assert(225)_calls_Any_to_bool_0: ✅ pass (at line 13, col 4)
assert(225): ❓ unknown (at line 13, col 4)
assert_assert(302)_calls_Any_to_bool_0: ✅ pass (at line 16, col 4)
assert(302): ❓ unknown (at line 16, col 4)
assert_assert(371)_calls_Any_to_bool_0: ✅ pass (at line 19, col 4)
assert(371): ❓ unknown (at line 19, col 4)
assert_assert(444)_calls_Any_to_bool_0: ✅ pass (at line 22, col 4)
assert(444): ❓ unknown (at line 22, col 4)
ite_cond_calls_Any_to_bool_0: ✅ pass (at line 24, col 0)

DETAIL: 7 passed, 2 failed, 6 inconclusive
RESULT: Failures found
