test_loops.py(6, 4): ✅ pass - assert_assert(95)_calls_Any_to_bool_0
test_loops.py(6, 4): ✅ pass - assert(95)
test_loops.py(10, 4): ❓ unknown - set_a_calls_Any_get_0
test_loops.py(10, 4): ❓ unknown - set_b_calls_Any_get_0
test_loops.py(12, 4): ✅ pass - assert_assert(245)_calls_Any_to_bool_0
test_loops.py(12, 4): ✅ pass - assert(245)
test_loops.py(16, 4): ❓ unknown - set_x_calls_Any_get_0
test_loops.py(16, 4): ❓ unknown - set_tuple_360_calls_Any_get_0
test_loops.py(16, 4): ❓ unknown - set_y_calls_Any_get_0
test_loops.py(16, 4): ❓ unknown - set_z_calls_Any_get_0
test_loops.py(18, 4): ✅ pass - assert_assert(409)_calls_Any_to_bool_0
test_loops.py(18, 4): ✅ pass - assert(409)
test_loops.py(22, 4): ✅ pass - loop_guard_calls_Any_to_bool_0
test_loops.py(22, 4): ✅ pass - loop_guard_end_calls_Any_to_bool_0
test_loops.py(24, 4): ❓ unknown - assert_assert(531)_calls_Any_to_bool_0
test_loops.py(24, 4): ❓ unknown - assert(531)
DETAIL: 8 passed, 0 failed, 8 inconclusive
RESULT: Inconclusive
