test_cmp_ge.py(2, 4): ✅ pass - assert_assert(23)_calls_Any_to_bool_0
test_cmp_ge.py(2, 4): ✅ pass - ge equal
test_cmp_ge.py(3, 4): ✅ pass - assert_assert(53)_calls_Any_to_bool_0
test_cmp_ge.py(3, 4): ✅ pass - ge greater
test_cmp_ge.py(4, 4): ✅ pass - assert_assert(85)_calls_Any_to_bool_0
test_cmp_ge.py(4, 4): ✅ pass - not ge
DETAIL: 6 passed, 0 failed, 0 inconclusive
RESULT: Analysis success
