test_augmented_assign.py(4, 4): ✅ pass - Check PAdd exception
test_augmented_assign.py(5, 4): ✅ pass - 5 + 3 == 8
test_augmented_assign.py(6, 4): ✅ pass - Check PSub exception
test_augmented_assign.py(7, 4): ✅ pass - 8 - 2 == 6
test_augmented_assign.py(8, 4): ✅ pass - Check PMul exception
test_augmented_assign.py(9, 4): ✅ pass - 6 * 2 == 12
test_augmented_assign.py(11, 4): ✅ pass - assert_assert(219)_calls_Any_get_0
test_augmented_assign.py(11, 4): ✅ pass - Check Any_sets! exception
test_augmented_assign.py(11, 4): ✅ pass - set_l_calls_Any_get_0
test_augmented_assign.py(12, 4): ✅ pass - assert_assert(233)_calls_Any_get_0
test_augmented_assign.py(12, 4): ✅ pass - list element modified
DETAIL: 11 passed, 0 failed, 0 inconclusive
RESULT: Analysis success
