test_while_loop.py(4, 4): ✅ pass - loop_guard_calls_Any_to_bool_0
test_while_loop.py(1, 30): ❓ unknown (pass on 1 path, unknown on 2 paths) - (test_while_countdown ensures) Return type constraint
test_while_loop.py(4, 4): ✅ pass - loop_guard_end_calls_Any_to_bool_0
test_while_loop.py(7, 4): ✅ pass - assert_assert(134)_calls_Any_to_bool_0
test_while_loop.py(7, 4): ❓ unknown - countdown sum should be 15
test_while_loop.py(12, 4): ✅ pass - loop_guard_calls_Any_to_bool_0
test_while_loop.py(10, 31): ❓ unknown (pass on 1 path, unknown on 2 paths) - (test_while_true_break ensures) Return type constraint
test_while_loop.py(14, 8): ✅ pass - ite_cond_calls_Any_to_bool_0
test_while_loop.py(16, 4): ✅ pass - assert_assert(344)_calls_Any_to_bool_0
test_while_loop.py(16, 4): ✅ pass - should have counted to 10
test_while_loop.py(12, 4): ✅ pass - loop_guard_end_calls_Any_to_bool_0
test_while_loop.py(22, 4): ✅ pass - loop_guard_calls_Any_to_bool_0
test_while_loop.py(19, 34): ❓ unknown (pass on 1 path, unknown on 3 paths) - (test_while_with_continue ensures) Return type constraint
test_while_loop.py(24, 8): ✅ pass - ite_cond_calls_Any_to_bool_0
test_while_loop.py(22, 4): ✅ pass - loop_guard_end_calls_Any_to_bool_0
test_while_loop.py(27, 4): ✅ pass - assert_assert(589)_calls_Any_to_bool_0
test_while_loop.py(27, 4): ❓ unknown - sum excluding 5 should be 50
DETAIL: 12 passed, 0 failed, 5 inconclusive
RESULT: Inconclusive
