test_arithmetic.py(7, 4): ✅ pass - assert_assert(102)_calls_Any_to_bool_0
test_arithmetic.py(7, 4): ✅ pass - assert(102)
test_arithmetic.py(12, 4): ✅ pass - assert_assert(226)_calls_Any_to_bool_0
test_arithmetic.py(12, 4): ✅ pass - assert(226)
test_arithmetic.py(16, 4): ✅ pass - assert_assert(345)_calls_Any_to_bool_0
test_arithmetic.py(16, 4): ✅ pass - assert(345)
test_arithmetic.py(20, 4): ✅ pass - assert_assert(458)_calls_Any_to_bool_0
test_arithmetic.py(20, 4): ✅ pass - assert(458)
test_arithmetic.py(23, 4): ✅ pass - set_quot_calls_PFloorDiv_0
test_arithmetic.py(24, 4): ✅ pass - assert_assert(567)_calls_Any_to_bool_0
test_arithmetic.py(24, 4): ✅ pass - assert(567)
test_arithmetic.py(26, 0): ✅ pass - ite_cond_calls_Any_to_bool_0
DETAIL: 12 passed, 0 failed, 0 inconclusive
RESULT: Analysis success
