test_int_mod.py(2, 4): ✅ pass - assert(24)
test_int_mod.py(3, 4): ✅ pass - assert(40)
test_int_mod.py(4, 13): ✅ pass - assert_assert(64)_calls_PMod_0
test_int_mod.py(4, 13): ✅ pass - Check PMod exception
test_int_mod.py(4, 4): ✅ pass - set_c_calls_PMod_0
test_int_mod.py(4, 4): ✅ pass - assert(55)
test_int_mod.py(5, 4): ✅ pass - int modulo
DETAIL: 7 passed, 0 failed, 0 inconclusive
RESULT: Analysis success
