test_for_loop.py(4, 4): ✅ pass - assume_assume(83)_calls_PIn_0
test_for_loop.py(4, 4): ✅ pass - assume_assume(83)_calls_Any_to_bool_1
test_for_loop.py(5, 16): ✅ pass - Check PAdd exception
test_for_loop.py(6, 4): ✅ pass - assert_assert(129)_calls_Any_to_bool_0
test_for_loop.py(6, 4): ❓ unknown - sum of list should be 15
test_for_loop.py(12, 4): ✅ pass - assume_assume(293)_calls_PIn_0
test_for_loop.py(12, 4): ✅ pass - assume_assume(293)_calls_Any_to_bool_1
test_for_loop.py(13, 11): ✅ pass - Check PGt exception
test_for_loop.py(13, 8): ✅ pass - ite_cond_calls_Any_to_bool_0
test_for_loop.py(14, 20): ✅ pass - Check PAdd exception
test_for_loop.py(15, 4): ✅ pass - assert_assert(361)_calls_Any_to_bool_0
test_for_loop.py(15, 4): ❓ unknown - should count 3 items greater than 3
test_for_loop.py(21, 4): ✅ pass - assume_assume(531)_calls_PIn_0
test_for_loop.py(21, 4): ✅ pass - assume_assume(531)_calls_Any_to_bool_1
test_for_loop.py(22, 8): ✅ pass - ite_cond_calls_Any_to_bool_0
test_for_loop.py(25, 4): ✅ pass - assert_assert(611)_calls_Any_to_bool_0
test_for_loop.py(25, 4): ❓ unknown (pass on 1 path, unknown on 1 path) - should have found 30
DETAIL: 14 passed, 0 failed, 3 inconclusive
RESULT: Inconclusive
