test_for_loop.py(5, 16): ❓ unknown - Check PAdd!AnyMaybeExcept exception
test_for_loop.py(6, 4): ✅ pass - assert_assert(129)_calls_Any_to_bool_0
test_for_loop.py(6, 4): ❓ unknown - assert(129)
test_for_loop.py(13, 11): ❌ fail - Check PGt!AnyMaybeExcept exception
test_for_loop.py(13, 8): ❌ fail - ite_cond_calls_Any_to_bool_0
test_for_loop.py(14, 20): ✅ pass - Check PAdd!AnyMaybeExcept exception
test_for_loop.py(15, 4): ✅ pass - assert_assert(361)_calls_Any_to_bool_0
test_for_loop.py(15, 4): ❓ unknown - assert(361)
test_for_loop.py(22, 8): ✅ pass - ite_cond_calls_Any_to_bool_0
test_for_loop.py(25, 4): ✅ pass - assert_assert(611)_calls_Any_to_bool_0
test_for_loop.py(25, 4): ✅ pass - assert(611)
test_for_loop.py(25, 4): ✅ pass - assert_assert(611)_calls_Any_to_bool_0
test_for_loop.py(25, 4): ❌ fail - assert(611)
DETAIL: 7 passed, 3 failed, 3 inconclusive
RESULT: Failures found
