test_field_access_from_any.py(10, 19): ❓ unknown - (some_cond ensures) Return type constraint
test_field_access_from_any.py(13, 0): ✅ pass - (ClassA@__init__ requires) Type constraint of n
test_field_access_from_any.py(14, 0): ✅ pass - (ClassB@__init__ requires) Type constraint of n
unknown location: ✅ pass - Check field-access object must be Class
unknown location: ✅ pass - Check field-access object must be Class
test_field_access_from_any.py(23, 13): ❓ unknown - Check PMul exception
test_field_access_from_any.py(23, 0): ✅ pass - Check field-access object must be Class
test_field_access_from_any.py(25, 7): ✅ pass - Check POr exception
test_field_access_from_any.py(25, 0): ✅ pass - assert(361)
test_field_access_from_any.py(27, 7): ✅ pass - Check POr exception
test_field_access_from_any.py(27, 0): ✅ pass - assert(424)
test_field_access_from_any.py(29, 7): ✅ pass - Check POr exception
test_field_access_from_any.py(29, 0): ✅ pass - assert(492)
unknown location: ✅ pass - Check field-access object must be Class
test_field_access_from_any.py(31, 0): ❓ unknown - expected unknown
DETAIL: 12 passed, 0 failed, 3 inconclusive
RESULT: Inconclusive
