
==== Verification Results ====
List_get_body_calls_List_get_0: ✅ pass (in prelude file)
List_take_body_calls_List_take_0: ✅ pass (in prelude file)
List_drop_body_calls_List_drop_0: ✅ pass (in prelude file)
List_slice_body_calls_List_drop_0: ✅ pass (in prelude file)
List_slice_body_calls_List_take_1: ✅ pass (in prelude file)
List_set_body_calls_List_set_0: ✅ pass (in prelude file)
DictStrAny_get_body_calls_DictStrAny_get_0: ✅ pass (in prelude file)
Any_get_body_calls_DictStrAny_get_0: ✅ pass (in prelude file)
Any_get_body_calls_List_get_1: ✅ pass (in prelude file)
Any_get_body_calls_List_slice_2: ✅ pass (in prelude file)
Any_get_body_calls_List_drop_3: ✅ pass (in prelude file)
Any_get!_body_calls_DictStrAny_get_0: ✅ pass (in prelude file)
Any_get!_body_calls_List_get_1: ✅ pass (in prelude file)
Any_set_body_calls_List_set_0: ✅ pass (in prelude file)
Any_set!_body_calls_List_set_0: ✅ pass (in prelude file)
PFloorDiv_body_calls_Int.SafeDiv_0: ✅ pass (in prelude file)
PFloorDiv_body_calls_Int.SafeDiv_1: ✅ pass (in prelude file)
PFloorDiv_body_calls_Int.SafeDiv_2: ✅ pass (in prelude file)
PFloorDiv_body_calls_Int.SafeDiv_3: ✅ pass (in prelude file)
PAnd_body_calls_Any_to_bool_0: ✅ pass (in prelude file)
POr_body_calls_Any_to_bool_0: ✅ pass (in prelude file)
ret_type: ✅ pass (in prelude file)
ret_type: ✅ pass (in prelude file)
ret_pos: ✅ pass (in prelude file)
assert_name_is_foo: ✅ pass (in prelude file)
assert_opt_name_none_or_str: ✅ pass (in prelude file)
assert_opt_name_none_or_bar: ✅ pass (in prelude file)
ensures_maybe_except_none: ✅ pass (in prelude file)
set_result_calls_Any_to_bool_0: ✅ pass
assert_assert(56)_calls_Any_to_bool_0: ✅ pass (at line 3, col 0)
assert(56): ✅ pass (at line 3, col 0)

DETAIL: 31 passed, 0 failed, 0 inconclusive
RESULT: Analysis success
