test_if_elif.py(1, 24): ✅ pass - (classify ensures) Return type constraint
test_if_elif.py(12, 4): ✅ pass - (classify requires) Type constraint of x
test_if_elif.py(12, 4): ✅ pass - assert(198)
test_if_elif.py(13, 4): ❓ unknown - should be negative
test_if_elif.py(15, 4): ✅ pass - (classify requires) Type constraint of x
test_if_elif.py(15, 4): ✅ pass - assert(276)
test_if_elif.py(16, 4): ❓ unknown - should be zero
test_if_elif.py(18, 4): ✅ pass - (classify requires) Type constraint of x
test_if_elif.py(18, 4): ✅ pass - assert(345)
test_if_elif.py(19, 4): ❓ unknown - should be small
test_if_elif.py(21, 4): ✅ pass - (classify requires) Type constraint of x
test_if_elif.py(21, 4): ✅ pass - assert(416)
test_if_elif.py(22, 4): ❓ unknown - should be large
DETAIL: 9 passed, 0 failed, 4 inconclusive
RESULT: Inconclusive
