test_if_elif_chain.py(6, 4): ✅ pass - ite_cond_calls_Any_to_bool_0
test_if_elif_chain.py(8, 4): ✅ pass - ite_cond_calls_Any_to_bool_0
test_if_elif_chain.py(2, 4): ✅ pass - assert(30)
test_if_elif_chain.py(3, 4): ✅ pass - assert(45)
test_if_elif_chain.py(4, 4): ✅ pass - ite_cond_calls_Any_to_bool_0
test_if_elif_chain.py(12, 4): ✅ pass - assert_assert(178)_calls_Any_to_bool_0
test_if_elif_chain.py(12, 4): ✅ pass - elif chain
DETAIL: 7 passed, 0 failed, 0 inconclusive
RESULT: Analysis success
