test_boolean_logic.py(3, 4): ✅ pass - assert(34)
test_boolean_logic.py(4, 4): ✅ pass - assert(53)
test_boolean_logic.py(5, 4): ✅ pass - True and True should be True
test_boolean_logic.py(6, 4): ✅ pass - True and False should be False
test_boolean_logic.py(9, 4): ✅ pass - True or False should be True
test_boolean_logic.py(10, 4): ✅ pass - False or False should be False
test_boolean_logic.py(13, 4): ✅ pass - not False should be True
test_boolean_logic.py(14, 4): ✅ pass - not not True should be True
test_boolean_logic.py(17, 4): ✅ pass - assert(444)
test_boolean_logic.py(18, 4): ✅ pass - assert(460)
test_boolean_logic.py(19, 4): ✅ pass - assert(476)
test_boolean_logic.py(25, 4): ✅ pass - combined and condition failed
test_boolean_logic.py(31, 4): ✅ pass - combined or condition failed
test_boolean_logic.py(37, 4): ✅ pass - not condition failed
DETAIL: 14 passed, 0 failed, 0 inconclusive
RESULT: Analysis success
