test_class_method_call_from_main.py(6, 4): ✅ pass - Heap reference counter monotone (Greeter@__init__)
test_class_method_call_from_main.py(10, 8): ❓ unknown - name must not be empty
test_class_method_call_from_main.py(9, 23): ❓ unknown - (Greeter@greet ensures) Return type constraint
test_class_method_call_from_main.py(14, 4): ✅ pass - (Greeter@__init__ requires) Type constraint of name
test_class_method_call_from_main.py(15, 4): ✅ pass - assert(415)
unknown location: ✅ pass - Heap reference counter monotone (__main__)
DETAIL: 4 passed, 0 failed, 2 inconclusive
RESULT: Inconclusive
