DETAIL: Laurel to Core translation failed: [(38634-38635) Resolution failed: 'v' is not defined, (38657-38658) Resolution failed: 'v' is not defined, (38679-38680) Resolution failed: 'v' is not defined, (38701-38702) Resolution failed: 'v' is not defined, (38730-38731) Resolution failed: 'v' is not defined, (38756-38757) Resolution failed: 'v' is not defined]
RESULT: Internal error
