test_regex_negative.py(9, 4): ✅ pass - set_m_calls_re_fullmatch_0
test_regex_negative.py(10, 4): ✅ pass - assert_assert(272)_calls_Any_to_bool_0
test_regex_negative.py(10, 4): ❓ unknown - assert(272)
test_regex_negative.py(12, 4): ✅ pass - set_m_calls_re_fullmatch_0
test_regex_negative.py(13, 4): ✅ pass - assert_assert(365)_calls_Any_to_bool_0
test_regex_negative.py(13, 4): ❓ unknown - assert(365)
test_regex_negative.py(15, 4): ✅ pass - set_m_calls_re_fullmatch_0
test_regex_negative.py(16, 4): ✅ pass - assert_assert(465)_calls_Any_to_bool_0
test_regex_negative.py(16, 4): ❓ unknown - assert(465)
test_regex_negative.py(19, 4): ✅ pass - set_m_calls_re_fullmatch_0
test_regex_negative.py(20, 4): ✅ pass - assert_assert(603)_calls_Any_to_bool_0
test_regex_negative.py(20, 4): ❓ unknown - assert(603)
test_regex_negative.py(22, 4): ✅ pass - set_m_calls_re_search_0
test_regex_negative.py(23, 4): ✅ pass - assert_assert(702)_calls_Any_to_bool_0
test_regex_negative.py(23, 4): ❓ unknown - assert(702)
test_regex_negative.py(25, 4): ✅ pass - set_m_calls_re_search_0
test_regex_negative.py(26, 4): ✅ pass - assert_assert(797)_calls_Any_to_bool_0
test_regex_negative.py(26, 4): ❓ unknown - assert(797)
test_regex_negative.py(28, 4): ✅ pass - set_m_calls_re_match_0
test_regex_negative.py(29, 4): ✅ pass - assert_assert(888)_calls_Any_to_bool_0
test_regex_negative.py(29, 4): ❓ unknown - assert(888)
test_regex_negative.py(32, 4): ✅ pass - set_p_calls_re_compile_0
test_regex_negative.py(33, 4): ✅ pass - set_m_calls_re_search_0
test_regex_negative.py(34, 4): ✅ pass - assert_assert(1038)_calls_Any_to_bool_0
test_regex_negative.py(34, 4): ❓ unknown - assert(1038)
test_regex_negative.py(36, 4): ✅ pass - set_m_calls_re_match_0
test_regex_negative.py(37, 4): ✅ pass - assert_assert(1133)_calls_Any_to_bool_0
test_regex_negative.py(37, 4): ❓ unknown - assert(1133)
test_regex_negative.py(44, 8): ✅ pass - set_m_calls_re_fullmatch_0
test_regex_negative.py(47, 4): ✅ pass - assert_assert(1495)_calls_Any_to_bool_0
test_regex_negative.py(47, 4): ❌ fail - assert(1495)
test_regex_negative.py(51, 8): ✅ pass - set_m_calls_re_fullmatch_0
test_regex_negative.py(54, 4): ✅ pass - assert_assert(1667)_calls_Any_to_bool_0
test_regex_negative.py(54, 4): ❌ fail - assert(1667)
test_regex_negative.py(58, 8): ✅ pass - set_m_calls_re_fullmatch_0
test_regex_negative.py(61, 4): ✅ pass - assert_assert(1846)_calls_Any_to_bool_0
test_regex_negative.py(61, 4): ❌ fail - assert(1846)
test_regex_negative.py(65, 8): ✅ pass - set_m_calls_re_search_0
test_regex_negative.py(68, 4): ✅ pass - assert_assert(2015)_calls_Any_to_bool_0
test_regex_negative.py(68, 4): ❌ fail - assert(2015)
test_regex_negative.py(72, 8): ✅ pass - set_m_calls_re_match_0
test_regex_negative.py(75, 4): ✅ pass - assert_assert(2193)_calls_Any_to_bool_0
test_regex_negative.py(75, 4): ❌ fail - assert(2193)
test_regex_negative.py(83, 4): ✅ pass - set_m_calls_re_search_0
test_regex_negative.py(84, 4): ✅ pass - assert_assert(2681)_calls_Any_to_bool_0
test_regex_negative.py(84, 4): ❓ unknown - assert(2681)
test_regex_negative.py(86, 4): ✅ pass - set_m_calls_re_fullmatch_0
test_regex_negative.py(87, 4): ✅ pass - assert_assert(2805)_calls_Any_to_bool_0
test_regex_negative.py(87, 4): ❓ unknown - assert(2805)
test_regex_negative.py(89, 4): ✅ pass - set_m_calls_re_fullmatch_0
test_regex_negative.py(90, 4): ✅ pass - assert_assert(2918)_calls_Any_to_bool_0
test_regex_negative.py(90, 4): ❓ unknown - assert(2918)
test_regex_negative.py(92, 4): ✅ pass - set_m_calls_re_search_0
test_regex_negative.py(93, 4): ✅ pass - assert_assert(3027)_calls_Any_to_bool_0
test_regex_negative.py(93, 4): ❓ unknown - assert(3027)
test_regex_negative.py(96, 4): ✅ pass - set_m_calls_re_fullmatch_0
test_regex_negative.py(97, 4): ✅ pass - assert_assert(3187)_calls_Any_to_bool_0
test_regex_negative.py(97, 4): ❓ unknown - assert(3187)
test_regex_negative.py(99, 4): ✅ pass - set_m_calls_re_fullmatch_0
test_regex_negative.py(100, 4): ✅ pass - assert_assert(3309)_calls_Any_to_bool_0
test_regex_negative.py(100, 4): ❓ unknown - assert(3309)
test_regex_negative.py(103, 4): ✅ pass - set_m_calls_re_search_0
test_regex_negative.py(104, 4): ✅ pass - assert_assert(3492)_calls_Any_to_bool_0
test_regex_negative.py(104, 4): ❓ unknown - assert(3492)
test_regex_negative.py(106, 4): ✅ pass - set_m_calls_re_fullmatch_0
test_regex_negative.py(107, 4): ✅ pass - assert_assert(3597)_calls_Any_to_bool_0
test_regex_negative.py(107, 4): ❓ unknown - assert(3597)
test_regex_negative.py(110, 4): ✅ pass - set_m_calls_re_search_0
test_regex_negative.py(111, 4): ✅ pass - assert_assert(3759)_calls_Any_to_bool_0
test_regex_negative.py(111, 4): ❓ unknown - assert(3759)
test_regex_negative.py(113, 4): ✅ pass - set_m_calls_re_search_0
test_regex_negative.py(114, 4): ✅ pass - assert_assert(3866)_calls_Any_to_bool_0
test_regex_negative.py(114, 4): ❓ unknown - assert(3866)
test_regex_negative.py(116, 0): ✅ pass - ite_cond_calls_Any_to_bool_0
DETAIL: 50 passed, 5 failed, 19 inconclusive
RESULT: Failures found
