test_datetime.py(13, 0): ✅ pass - (Origin_datetime_date_Requires)d_type
test_datetime.py(14, 0): ✅ pass - (Origin_timedelta_Requires)
test_datetime.py(14, 0): ✅ pass - (Origin_timedelta_Requires)hours_type
test_datetime.py(14, 0): ✅ pass - (Origin_timedelta_Requires)days_pos
test_datetime.py(14, 0): ✅ pass - (Origin_timedelta_Requires)hours_pos
test_datetime.py(21, 0): ✅ pass - assert(554)
test_datetime.py(25, 0): ✅ pass - assert(673)
test_datetime.py(27, 0): ✅ pass - assert(758)
test_datetime.py(30, 0): ✅ pass - assert(859)
DETAIL: 9 passed, 0 failed, 0 inconclusive
RESULT: Analysis success
