==== Verification Results ====
ret_type: ✅ pass (at byte 19780)
ret_type: ✅ pass (at byte 20210)
ret_pos: ✅ pass (at byte 20706)
assert_name_is_foo: ✅ pass (at byte 21376)
assert_opt_name_none_or_bar: ✅ pass (at byte 21439)
(Origin_test_helper_procedure_Requires)req_name_is_foo: ✅ pass (at byte 21132)
(Origin_test_helper_procedure_Requires)req_opt_name_none_or_bar: ✅ pass (at byte 21194)
(Origin_test_helper_procedure_Requires)req_name_is_foo: ✅ pass (at byte 21132)
(Origin_test_helper_procedure_Requires)req_opt_name_none_or_bar: ✅ pass (at byte 21194)
(Origin_test_helper_procedure_Requires)req_name_is_foo: 🟡 unknown (at byte 21132)
(Origin_test_helper_procedure_Requires)req_opt_name_none_or_bar: ✅ pass (at byte 21194)
(Origin_test_helper_procedure_Requires)req_name_is_foo: ✅ pass (at byte 21132)
(Origin_test_helper_procedure_Requires)req_opt_name_none_or_bar: 🟡 unknown (at byte 21194)
