
==== Verification Results ====
List_get_body_calls_List_get_0: ✅ pass (in prelude file)
List_take_body_calls_List_take_0: ✅ pass (in prelude file)
List_drop_body_calls_List_drop_0: ✅ pass (in prelude file)
List_slice_body_calls_List_drop_0: ✅ pass (in prelude file)
List_slice_body_calls_List_take_1: ✅ pass (in prelude file)
List_set_body_calls_List_set_0: ✅ pass (in prelude file)
DictStrAny_get_body_calls_DictStrAny_get_0: ✅ pass (in prelude file)
Any_get_body_calls_DictStrAny_get_0: ✅ pass (in prelude file)
Any_get_body_calls_List_get_1: ✅ pass (in prelude file)
Any_get_body_calls_List_slice_2: ✅ pass (in prelude file)
Any_get_body_calls_List_drop_3: ✅ pass (in prelude file)
Any_get!_body_calls_DictStrAny_get_0: ✅ pass (in prelude file)
Any_get!_body_calls_List_get_1: ✅ pass (in prelude file)
Any_set_body_calls_List_set_0: ✅ pass (in prelude file)
Any_set!_body_calls_List_set_0: ✅ pass (in prelude file)
PFloorDiv_body_calls_Int.SafeDiv_0: ✅ pass (in prelude file)
PFloorDiv_body_calls_Int.SafeDiv_1: ✅ pass (in prelude file)
PFloorDiv_body_calls_Int.SafeDiv_2: ✅ pass (in prelude file)
PFloorDiv_body_calls_Int.SafeDiv_3: ✅ pass (in prelude file)
PAnd_body_calls_Any_to_bool_0: ✅ pass (in prelude file)
POr_body_calls_Any_to_bool_0: ✅ pass (in prelude file)
Assertion failed at line 9, col 4: ite_cond_calls_PNotIn_0: ❌ fail
ite_cond_calls_Any_to_bool_1: ✅ pass (at line 9, col 4)
ite_cond_calls_PNotIn_0: ❓ unknown (at line 11, col 4)
ite_cond_calls_Any_to_bool_1: ✅ pass (at line 11, col 4)
ite_cond_calls_Any_to_bool_0: ❓ unknown (at line 18, col 4)
set_LaurelResult_calls_Any_get_0: ❓ unknown
assert_assert(651)_calls_Any_to_bool_0: ✅ pass (at line 24, col 4)
Assertion failed at line 24, col 4: assert(651): ❌ fail
callElimAssert_req_name_is_foo_9: ✅ pass (at line 26, col 4)
callElimAssert_req_opt_name_none_or_str_10: ✅ pass (at line 26, col 4)
callElimAssert_req_opt_name_none_or_bar_11: ✅ pass (at line 26, col 4)
ite_cond_calls_Any_to_bool_0: ✅ pass (at line 28, col 0)

DETAIL: 28 passed, 2 failed, 3 inconclusive
RESULT: Failures found
