unknown location: ❓ unknown - Check to_string_any exception
unknown location: ✅ pass - Check to_string_any exception
test_missing_required_param.py(8, 0): ✅ pass - assert(212)
test_missing_required_param.py(9, 0): ✅ pass - assert(245)
unknown location: ✅ pass - Check to_string_any exception
unknown location: ❓ unknown - Check to_string_any exception
unknown location: ✅ pass - Check to_string_any exception
unknown location: ❓ unknown - Check to_string_any exception
unknown location: ✅ pass - Check to_string_any exception
DETAIL: 6 passed, 0 failed, 3 inconclusive
RESULT: Inconclusive
