test_int_chain_arith.py(2, 4): ✅ pass - assert(32)
test_int_chain_arith.py(3, 4): ✅ pass - assert(47)
test_int_chain_arith.py(4, 4): ✅ pass - assert(62)
test_int_chain_arith.py(5, 13): ✅ pass - Check PAdd exception
test_int_chain_arith.py(5, 4): ✅ pass - assert(77)
test_int_chain_arith.py(6, 4): ✅ pass - operator precedence
DETAIL: 6 passed, 0 failed, 0 inconclusive
RESULT: Analysis success
