test_loops.py(3, 4): ✅ pass - assert(38)
test_loops.py(4, 4): ✅ pass - assume_assume(53)_calls_PIn_0
test_loops.py(6, 4): ❓ unknown - simple loop incremented
test_loops.py(9, 4): ✅ pass - assert(174)
test_loops.py(12, 4): ❓ unknown - tuple unpacking decremented
test_loops.py(15, 4): ✅ pass - assert(337)
test_loops.py(18, 4): ❓ unknown - nested unpacking incremented
test_loops.py(21, 4): ✅ pass - assert(477)
test_loops.py(24, 4): ❓ unknown - while loop did not increase n4
DETAIL: 5 passed, 0 failed, 4 inconclusive
RESULT: Inconclusive
