test_ternary_nested.py(3, 4): ✅ pass - set_r_calls_Any_to_bool_0
test_ternary_nested.py(3, 4): ✅ pass - set_r_calls_Any_to_bool_1
test_ternary_nested.py(4, 4): ✅ pass - assert_assert(110)_calls_Any_to_bool_0
test_ternary_nested.py(4, 4): ✅ pass - nested ternary
DETAIL: 4 passed, 0 failed, 0 inconclusive
RESULT: Analysis success
