test_fstrings.py(6, 4): ✅ pass - assert_assert(196)_calls_Any_to_bool_0
test_fstrings.py(6, 4): ❓ unknown - assert(196)
test_fstrings.py(13, 4): ✅ pass - assert_assert(430)_calls_Any_to_bool_0
test_fstrings.py(13, 4): ✅ pass - assert(430)
test_fstrings.py(15, 4): ✅ pass - assert_assert(511)_calls_Any_to_bool_0
test_fstrings.py(15, 4): ✅ pass - assert(511)
test_fstrings.py(17, 0): ✅ pass - ite_cond_calls_Any_to_bool_0
DETAIL: 6 passed, 0 failed, 1 inconclusive
RESULT: Inconclusive
