test_deep_inline.py(20, 0): ✔️ always true if reached - ite_cond_calls_Any_to_bool_0
test_deep_inline.py(17, 4): ✔️ always true if reached - assert_main_assert(395)_5_calls_Any_to_bool_0
test_deep_inline.py(17, 4): ✔️ always true if reached - triple_apply(3) should be 9
test_deep_inline.py(18, 4): ✔️ always true if reached - assert_main_assert(444)_6_calls_Any_to_bool_0
test_deep_inline.py(18, 4): ✖️ always false if reached - triple_apply(3) should not be 10
DETAIL: 4 passed, 1 failed, 0 inconclusive
RESULT: Failures found
