test_procedure_in_assert.py(8, 4): ✅ pass - assert(311)
test_procedure_in_assert.py(9, 4): ✅ pass - (Origin_timedelta_Requires)
test_procedure_in_assert.py(9, 4): ✅ pass - (Origin_timedelta_Requires)hours_type
test_procedure_in_assert.py(9, 4): ✅ pass - (Origin_timedelta_Requires)days_pos
test_procedure_in_assert.py(9, 4): ✅ pass - (Origin_timedelta_Requires)hours_pos
test_procedure_in_assert.py(10, 4): ✅ pass - assert(361)
test_procedure_in_assert.py(11, 4): ✅ pass - should pass
test_procedure_in_assert.py(3, 14): ✅ pass - (main ensures) Return type constraint
DETAIL: 8 passed, 0 failed, 0 inconclusive
RESULT: Analysis success
