test_comparisons.py(5, 4): ✅ pass - assert_assert(89)_calls_Any_to_bool_0
test_comparisons.py(5, 4): ✅ pass - assert(89)
test_comparisons.py(9, 4): ✅ pass - assert_assert(190)_calls_Any_to_bool_0
test_comparisons.py(9, 4): ✅ pass - assert(190)
test_comparisons.py(14, 11): ✅ pass - Check PGt exception
test_comparisons.py(14, 4): ✅ pass - assert_assert(328)_calls_Any_to_bool_0
test_comparisons.py(14, 4): ✅ pass - assert(328)
test_comparisons.py(15, 11): ✅ pass - Check PLt exception
test_comparisons.py(15, 4): ✅ pass - assert_assert(385)_calls_Any_to_bool_0
test_comparisons.py(15, 4): ✅ pass - assert(385)
test_comparisons.py(16, 11): ✅ pass - Check PGe exception
test_comparisons.py(16, 4): ✅ pass - assert_assert(439)_calls_Any_to_bool_0
test_comparisons.py(16, 4): ✅ pass - assert(439)
test_comparisons.py(17, 11): ✅ pass - Check PLe exception
test_comparisons.py(17, 4): ✅ pass - assert_assert(506)_calls_Any_to_bool_0
test_comparisons.py(17, 4): ✅ pass - assert(506)
test_comparisons.py(19, 0): ✅ pass - ite_cond_calls_Any_to_bool_0
DETAIL: 17 passed, 0 failed, 0 inconclusive
RESULT: Analysis success
