
==== Verification Results ====
List_get_body_calls_List_get_0: ✅ pass (in prelude file)
List_take_body_calls_List_take_0: ✅ pass (in prelude file)
List_drop_body_calls_List_drop_0: ✅ pass (in prelude file)
List_slice_body_calls_List_drop_0: ✅ pass (in prelude file)
List_slice_body_calls_List_take_1: ✅ pass (in prelude file)
List_set_body_calls_List_set_0: ✅ pass (in prelude file)
DictStrAny_get_body_calls_DictStrAny_get_0: ✅ pass (in prelude file)
Any_get_body_calls_DictStrAny_get_0: ✅ pass (in prelude file)
Any_get_body_calls_List_get_1: ✅ pass (in prelude file)
Any_get_body_calls_List_slice_2: ✅ pass (in prelude file)
Any_get_body_calls_List_drop_3: ✅ pass (in prelude file)
Any_get!_body_calls_DictStrAny_get_0: ✅ pass (in prelude file)
Any_get!_body_calls_List_get_1: ✅ pass (in prelude file)
Any_set_body_calls_List_set_0: ✅ pass (in prelude file)
Any_set!_body_calls_List_set_0: ✅ pass (in prelude file)
PFloorDiv_body_calls_Int.SafeDiv_0: ✅ pass (in prelude file)
PFloorDiv_body_calls_Int.SafeDiv_1: ✅ pass (in prelude file)
PFloorDiv_body_calls_Int.SafeDiv_2: ✅ pass (in prelude file)
PFloorDiv_body_calls_Int.SafeDiv_3: ✅ pass (in prelude file)
PAnd_body_calls_Any_to_bool_0: ✅ pass (in prelude file)
POr_body_calls_Any_to_bool_0: ✅ pass (in prelude file)
assert_assert(129)_calls_Any_to_bool_0: ✅ pass (at line 7, col 4)
assert(129): ✅ pass (at line 7, col 4)
assert_assert(358)_calls_Any_to_bool_0: ✅ pass (at line 17, col 4)
Assertion failed at line 17, col 4: assert(358): ❌ fail

DETAIL: 24 passed, 1 failed, 0 inconclusive
RESULT: Failures found
