test_field_access_from_any.py(10, 19): ❓ unknown - (some_cond ensures) Return type constraint
test_field_access_from_any.py(13, 0): ✅ pass - callElimAssert_requires_13
test_field_access_from_any.py(14, 0): ✅ pass - callElimAssert_requires_7
test_field_access_from_any.py(23, 13): ✅ pass - assert_assert(345)_calls_Any_read_field_0
test_field_access_from_any.py(23, 13): ✅ pass - assert_assert(345)_calls_Any_read_field_1
test_field_access_from_any.py(23, 13): ❓ unknown - Check PMul exception
unknown location: ✅ pass - set_$heap_calls_Any_read_field_0
unknown location: ✅ pass - set_$heap_calls_Any_read_field_1
unknown location: ✅ pass - set_$heap_calls_Any_update_field_2
unknown location: ✅ pass - set_$heap_calls_Any_update_field_3
test_field_access_from_any.py(25, 7): ✅ pass - assert_assert(368)_calls_Any_read_field_0
test_field_access_from_any.py(25, 7): ✅ pass - assert_assert(368)_calls_Any_read_field_1
test_field_access_from_any.py(25, 7): ✅ pass - assert_assert(368)_calls_Any_read_field_2
test_field_access_from_any.py(25, 7): ✅ pass - assert_assert(368)_calls_Any_read_field_3
test_field_access_from_any.py(25, 7): ✅ pass - Check POr exception
test_field_access_from_any.py(25, 0): ✅ pass - assert_assert(361)_calls_Any_read_field_0
test_field_access_from_any.py(25, 0): ✅ pass - assert_assert(361)_calls_Any_read_field_1
test_field_access_from_any.py(25, 0): ✅ pass - assert_assert(361)_calls_Any_read_field_2
test_field_access_from_any.py(25, 0): ✅ pass - assert_assert(361)_calls_Any_read_field_3
test_field_access_from_any.py(25, 0): ✅ pass - assert(361)
test_field_access_from_any.py(27, 7): ✅ pass - Check POr exception
test_field_access_from_any.py(27, 0): ✅ pass - assert(424)
test_field_access_from_any.py(29, 7): ✅ pass - Check POr exception
test_field_access_from_any.py(29, 0): ✅ pass - assert(492)
test_field_access_from_any.py(31, 0): ❓ unknown - expected unknown
DETAIL: 22 passed, 0 failed, 3 inconclusive
RESULT: Inconclusive
