test_boolean_logic.py(5, 4): ✅ pass - assert_assert(73)_calls_PAnd_0
test_boolean_logic.py(5, 4): ✅ pass - assert_assert(73)_calls_Any_to_bool_1
test_boolean_logic.py(5, 4): ✅ pass - assert(73)
test_boolean_logic.py(6, 11): ✅ pass - Check PNot exception
test_boolean_logic.py(6, 11): ✅ pass - Check PNot exception
test_boolean_logic.py(6, 4): ✅ pass - assert_assert(124)_calls_PAnd_0
test_boolean_logic.py(6, 4): ✅ pass - assert_assert(124)_calls_Any_to_bool_1
test_boolean_logic.py(6, 4): ✅ pass - assert(124)
test_boolean_logic.py(9, 4): ✅ pass - assert_assert(201)_calls_POr_0
test_boolean_logic.py(9, 4): ✅ pass - assert_assert(201)_calls_Any_to_bool_1
test_boolean_logic.py(9, 4): ✅ pass - assert(201)
test_boolean_logic.py(10, 11): ✅ pass - Check PNot exception
test_boolean_logic.py(10, 11): ✅ pass - Check PNot exception
test_boolean_logic.py(10, 4): ✅ pass - assert_assert(251)_calls_POr_0
test_boolean_logic.py(10, 4): ✅ pass - assert_assert(251)_calls_Any_to_bool_1
test_boolean_logic.py(10, 4): ✅ pass - assert(251)
test_boolean_logic.py(13, 11): ✅ pass - Check PNot exception
test_boolean_logic.py(13, 4): ✅ pass - assert_assert(320)_calls_Any_to_bool_0
test_boolean_logic.py(13, 4): ✅ pass - assert(320)
test_boolean_logic.py(14, 11): ✅ pass - Check PNot exception
test_boolean_logic.py(14, 4): ✅ pass - assert_assert(365)_calls_Any_to_bool_0
test_boolean_logic.py(14, 4): ✅ pass - assert(365)
test_boolean_logic.py(21, 7): ✅ pass - Check PGt exception
test_boolean_logic.py(21, 17): ✅ pass - Check PGt exception
test_boolean_logic.py(21, 4): ✅ pass - ite_cond_calls_PAnd_0
test_boolean_logic.py(21, 4): ✅ pass - ite_cond_calls_Any_to_bool_1
test_boolean_logic.py(25, 4): ✅ pass - assert_assert(570)_calls_Any_to_bool_0
test_boolean_logic.py(25, 4): ✅ pass - assert(570)
test_boolean_logic.py(27, 7): ✅ pass - Check PGt exception
test_boolean_logic.py(27, 17): ✅ pass - Check PGt exception
test_boolean_logic.py(27, 4): ✅ pass - ite_cond_calls_POr_0
test_boolean_logic.py(27, 4): ✅ pass - ite_cond_calls_Any_to_bool_1
test_boolean_logic.py(31, 4): ✅ pass - assert_assert(700)_calls_Any_to_bool_0
test_boolean_logic.py(31, 4): ✅ pass - assert(700)
test_boolean_logic.py(33, 7): ✅ pass - Check PNot exception
test_boolean_logic.py(33, 4): ✅ pass - ite_cond_calls_Any_to_bool_0
test_boolean_logic.py(37, 4): ✅ pass - assert_assert(825)_calls_Any_to_bool_0
test_boolean_logic.py(37, 4): ✅ pass - assert(825)
test_boolean_logic.py(39, 0): ✅ pass - ite_cond_calls_Any_to_bool_0
DETAIL: 39 passed, 0 failed, 0 inconclusive
RESULT: Analysis success
