test_arithmetic.py(6, 16): ✅ pass - Check PMul!AnyMaybeExcept exception
test_arithmetic.py(7, 4): ✅ pass - assert_assert(102)_calls_Any_to_bool_0
test_arithmetic.py(7, 4): ✅ pass - assert(102)
test_arithmetic.py(11, 18): ✅ pass - Check PMul!AnyMaybeExcept exception
test_arithmetic.py(12, 4): ✅ pass - assert_assert(226)_calls_Any_to_bool_0
test_arithmetic.py(12, 4): ✅ pass - assert(226)
test_arithmetic.py(15, 19): ✅ pass - Check PAdd!AnyMaybeExcept exception
test_arithmetic.py(16, 4): ✅ pass - assert_assert(345)_calls_Any_to_bool_0
test_arithmetic.py(16, 4): ✅ pass - assert(345)
test_arithmetic.py(19, 16): ✅ pass - Check PSub!AnyMaybeExcept exception
test_arithmetic.py(20, 4): ✅ pass - assert_assert(458)_calls_Any_to_bool_0
test_arithmetic.py(20, 4): ✅ pass - assert(458)
test_arithmetic.py(23, 16): ✅ pass - Check PFloorDiv!AnyMaybeExcept exception
test_arithmetic.py(23, 16): ✅ pass - Check PFloorDiv!AnyMaybeExcept exception
test_arithmetic.py(23, 4): ✅ pass - set_quot_calls_PFloorDiv!AnyMaybeExcept_0
test_arithmetic.py(24, 4): ✅ pass - assert_assert(567)_calls_Any_to_bool_0
test_arithmetic.py(24, 4): ✅ pass - assert(567)
test_arithmetic.py(26, 0): ✅ pass - ite_cond_calls_Any_to_bool_0
DETAIL: 18 passed, 0 failed, 0 inconclusive
RESULT: Analysis success
