
==== Verification Results ====
Check PAdd!AnyMaybeExcept exception: ❓ unknown (at line 2, col 18)
Assertion failed at line 8, col 10: Check PLt!AnyMaybeExcept exception: ❌ fail
Assertion failed at line 8, col 4: loop_guard_calls_Any_to_bool_0: ❌ fail
Check PMul!AnyMaybeExcept exception: ❓ unknown (at line 9, col 17)
Check PAdd!AnyMaybeExcept exception: ✅ pass (at line 10, col 12)
loop_guard_end_calls_Any_to_bool_0: ✅ pass (at line 8, col 4)
assert_assert(325)_calls_Any_to_bool_0: ✅ pass (at line 15, col 4)
assert(325): ❓ unknown (at line 15, col 4)
assert_assert(421)_calls_Any_to_bool_0: ✅ pass (at line 18, col 4)
assert(421): ❓ unknown (at line 18, col 4)
assert_assert(501)_calls_Any_to_bool_0: ✅ pass (at line 21, col 4)
Assertion failed at line 21, col 4: assert(501): ❌ fail
assert_assert(571)_calls_Any_to_bool_0: ✅ pass (at line 24, col 4)
Assertion failed at line 24, col 4: assert(571): ❌ fail
ite_cond_calls_Any_to_bool_0: ✅ pass (at line 26, col 0)

DETAIL: 7 passed, 4 failed, 4 inconclusive
RESULT: Failures found
