
==== Verification Results ====
assert_assert(115)_calls_Any_get_0: ✅ pass (at line 9, col 0)
assert_assert(115)_calls_Any_to_bool_1: ✅ pass (at line 9, col 0)
assert(115): ✅ pass (at line 9, col 0)
assert_assert(145)_calls_Any_get_0: ✅ pass (at line 10, col 0)
assert_assert(145)_calls_Any_to_bool_1: ✅ pass (at line 10, col 0)
assert(145): ✅ pass (at line 10, col 0)
assert_assert(201)_calls_Any_get_0: ✅ pass (at line 13, col 0)
assert_assert(201)_calls_Any_to_bool_1: ✅ pass (at line 13, col 0)
assert(201): ✅ pass (at line 13, col 0)
assert_assert(236)_calls_PIn_0: ✅ pass (at line 14, col 0)
assert_assert(236)_calls_Any_to_bool_1: ✅ pass (at line 14, col 0)
assert(236): ✅ pass (at line 14, col 0)
assert_assert(258)_calls_PNotIn_0: ✅ pass (at line 15, col 0)
assert_assert(258)_calls_Any_to_bool_1: ✅ pass (at line 15, col 0)
assert(258): ✅ pass (at line 15, col 0)

DETAIL: 15 passed, 0 failed, 0 inconclusive
RESULT: Analysis success
