test_multiple_except.py(8, 4): ✅ pass - assert_assert(170)_calls_Any_to_bool_0
test_multiple_except.py(8, 4): ❓ unknown - except as should have caught exception
test_multiple_except.py(1, 0): ✅ pass - postcondition
test_multiple_except.py(21, 4): ✅ pass - assert_assert(471)_calls_Any_to_bool_0
test_multiple_except.py(21, 4): ❓ unknown - bare raise should have re-raised
test_multiple_except.py(31, 4): ✅ pass - assert_assert(693)_calls_Any_to_bool_0
test_multiple_except.py(31, 4): ✅ pass - x should be set from try body
DETAIL: 5 passed, 0 failed, 2 inconclusive
RESULT: Inconclusive
