
==== Verification Results ====
PFloorDiv_body_calls_Int.SafeDiv_0: ✅ pass
PFloorDiv_body_calls_Int.SafeDiv_1: ✅ pass
PFloorDiv_body_calls_Int.SafeDiv_2: ✅ pass
PFloorDiv_body_calls_Int.SafeDiv_3: ✅ pass
PAnd_body_calls_Any_to_bool_0: ✅ pass
POr_body_calls_Any_to_bool_0: ✅ pass
ret_type: ✅ pass (at byte 25063)
ret_type: ✅ pass (at byte 25478)
ret_pos: ✅ pass (at byte 25964)
assert_name_is_foo: ✅ pass (at byte 26968)
assert_opt_name_none_or_str: ✅ pass (at byte 27031)
assert_opt_name_none_or_bar: ✅ pass (at byte 27135)
ensures_maybe_except_none: ✅ pass (at byte 26891)
(Origin_test_helper_procedure_Requires)req_name_is_foo: ✅ pass (at byte 26624)
(Origin_test_helper_procedure_Requires)req_opt_name_none_or_str: ✅ pass (at byte 26686)
(Origin_test_helper_procedure_Requires)req_opt_name_none_or_bar: ✅ pass (at byte 26789)
(Origin_test_helper_procedure_Requires)req_name_is_foo: ✅ pass (at byte 26624)
(Origin_test_helper_procedure_Requires)req_opt_name_none_or_str: ✅ pass (at byte 26686)
(Origin_test_helper_procedure_Requires)req_opt_name_none_or_bar: ✅ pass (at byte 26789)
(Origin_test_helper_procedure_Requires)req_name_is_foo: 🟡 unknown (at byte 26624)
(Origin_test_helper_procedure_Requires)req_opt_name_none_or_str: ✅ pass (at byte 26686)
(Origin_test_helper_procedure_Requires)req_opt_name_none_or_bar: ✅ pass (at byte 26789)
(Origin_test_helper_procedure_Requires)req_name_is_foo: ✅ pass (at byte 26624)
(Origin_test_helper_procedure_Requires)req_opt_name_none_or_str: ✅ pass (at byte 26686)
(Origin_test_helper_procedure_Requires)req_opt_name_none_or_bar: 🟡 unknown (at byte 26789)
