unknown location: ✅ pass - Check PAdd!AnyMaybeExcept exception
test_augmented_assign.py(5, 4): ✅ pass - assert_assert(81)_calls_Any_to_bool_0
test_augmented_assign.py(5, 4): ✅ pass - assert(81)
unknown location: ✅ pass - Check PSub!AnyMaybeExcept exception
test_augmented_assign.py(7, 4): ✅ pass - assert_assert(124)_calls_Any_to_bool_0
test_augmented_assign.py(7, 4): ✅ pass - assert(124)
unknown location: ✅ pass - Check PMul!AnyMaybeExcept exception
test_augmented_assign.py(9, 4): ✅ pass - assert_assert(167)_calls_Any_to_bool_0
test_augmented_assign.py(9, 4): ✅ pass - assert(167)
DETAIL: 9 passed, 0 failed, 0 inconclusive
RESULT: Analysis success
