test_pin_any.py(3, 4): 🔶 can be both true and false and is reachable from declaration entry - ite_cond_calls_Any_to_bool_0
test_pin_any.py(4, 8): ❓ unknown - assert_assert(124)_calls_PIn_0
test_pin_any.py(4, 8): ✔️ always true if reached - assert_assert(124)_calls_Any_to_bool_1
test_pin_any.py(4, 8): ❓ unknown - assert(124)
DETAIL: 1 passed, 0 failed, 3 inconclusive
RESULT: Inconclusive
