
==== Verification Results ====
ite_cond_calls_Any_to_bool_0: 🔶 can be both true and false and is reachable from declaration entry (at line 3, col 4)
assert_assert(124)_calls_PIn_0: ❓ unknown (at line 4, col 8)
assert_assert(124)_calls_Any_to_bool_1: ✔️ always true if reached (at line 4, col 8)
assert(124): ❓ unknown (at line 4, col 8)
(test_in_on_any ensures) Return type constraint: ✔️ always true if reached

DETAIL: 2 passed, 0 failed, 3 inconclusive
RESULT: Inconclusive
