test_class_no_init_multi_field.py(7, 4): ✅ pass - callElimAssert_requires_2
test_class_no_init_multi_field.py(8, 4): ✅ pass - class with multiple annotated fields no init
test_class_no_init_multi_field.py(6, 0): ✅ pass - postcondition
DETAIL: 3 passed, 0 failed, 0 inconclusive
RESULT: Analysis success
