test_field_access_from_any_func_input.py(17, 0): ✔️ always true if reached - Check PMul exception
test_field_access_from_any_func_input.py(18, 0): ✔️ always true if reached - assert(360)
test_field_access_from_any_func_input.py(21, 0): ✔️ always true if reached - Check PMul exception
test_field_access_from_any_func_input.py(22, 0): ✔️ always true if reached - assert(422)
test_field_access_from_any_func_input.py(24, 0): ✔️ always true if reached - Check PMul exception
test_field_access_from_any_func_input.py(24, 0): ✔️ always true if reached - Check field-access object must be Class
unknown location: ✔️ always true if reached - Check field-access object must be Class
test_field_access_from_any_func_input.py(25, 0): ✔️ always true if reached - assert(463)
DETAIL: 8 passed, 0 failed, 0 inconclusive
RESULT: Analysis success
