unknown location: ✅ pass - (get_number ensures) Return type constraint
unknown location: ✅ pass - (get_greeting ensures) Return type constraint
unknown location: ✅ pass - (get_flag ensures) Return type constraint
unknown location: ✅ pass - (get_nothing ensures) Return type constraint
unknown location: ✅ pass - (add ensures) Return type constraint
test_return_types.py(20, 4): ✅ pass - assert_assert(304)_calls_Any_to_bool_0
test_return_types.py(20, 4): ❓ unknown - assert(304)
test_return_types.py(23, 4): ✅ pass - assert_assert(387)_calls_Any_to_bool_0
test_return_types.py(23, 4): ❓ unknown - assert(387)
test_return_types.py(26, 4): ✅ pass - assert_assert(474)_calls_Any_to_bool_0
test_return_types.py(26, 4): ❓ unknown - assert(474)
test_return_types.py(28, 4): ✅ pass - (add requires) Type constraint of a
test_return_types.py(28, 4): ✅ pass - (add requires) Type constraint of b
test_return_types.py(29, 4): ✅ pass - assert_assert(558)_calls_Any_to_bool_0
test_return_types.py(29, 4): ❓ unknown - assert(558)
test_return_types.py(31, 0): ✅ pass - ite_cond_calls_Any_to_bool_0
DETAIL: 12 passed, 0 failed, 4 inconclusive
RESULT: Inconclusive
