test_func_input_type_constraints.py(3, 48): ✅ pass - (Mul ensures) Return type constraint
test_func_input_type_constraints.py(6, 62): ✅ pass - (Sum ensures) Return type constraint
test_func_input_type_constraints.py(11, 65): ❓ unknown - (List_Dict_index ensures) Return type constraint
test_func_input_type_constraints.py(15, 0): ✅ pass - (Mul requires) Type constraint of x
test_func_input_type_constraints.py(15, 0): ✅ pass - (Mul requires) Type constraint of y
test_func_input_type_constraints.py(16, 0): ✅ pass - (Sum requires) Type constraint of x
test_func_input_type_constraints.py(16, 0): ✅ pass - (Sum requires) Type constraint of y
test_func_input_type_constraints.py(17, 0): ✅ pass - (List_Dict_index requires) Type constraint of l
test_func_input_type_constraints.py(17, 0): ✅ pass - (List_Dict_index requires) Type constraint of i
test_func_input_type_constraints.py(17, 0): ✅ pass - (List_Dict_index requires) Type constraint of s
DETAIL: 9 passed, 0 failed, 1 inconclusive
RESULT: Inconclusive
