
==== Verification Results ====
ret_type: ✅ pass (at byte 19780)
ret_type: ✅ pass (at byte 20210)
ret_pos: ✅ pass (at byte 20706)
assert_name_is_foo: ✅ pass (at byte 21376)
assert_opt_name_none_or_bar: ✅ pass (at byte 21439)
assert(89): ✅ pass (at line 5, col 4)
assert(190): ✅ pass (at line 9, col 4)
assert(328): ✅ pass (at line 14, col 4)
assert(385): ✅ pass (at line 15, col 4)
assert(439): ✅ pass (at line 16, col 4)
assert(506): ✅ pass (at line 17, col 4)
