test_lshift_negative.py(2, 4): ✅ pass - assert(16)
test_lshift_negative.py(3, 13): ❓ unknown - Check PLShift exception
test_lshift_negative.py(3, 4): ❓ unknown - assert(31)
test_lshift_negative.py(4, 4): ❓ unknown - negative left shift
DETAIL: 1 passed, 0 failed, 3 inconclusive
RESULT: Inconclusive
