test_module_level.py(9, 0): ✅ pass - assert(115)
test_module_level.py(10, 0): ✅ pass - assert(145)
test_module_level.py(13, 0): ✅ pass - assert(201)
test_module_level.py(14, 0): ✅ pass - assert_assert(236)_calls_PIn_0
test_module_level.py(14, 0): ✅ pass - assert(236)
test_module_level.py(15, 0): ✅ pass - assert_assert(258)_calls_PNotIn_0
test_module_level.py(15, 0): ✅ pass - assert(258)
DETAIL: 7 passed, 0 failed, 0 inconclusive
RESULT: Analysis success
