test_power.py(3, 13): ✅ pass - Check PPow!AnyMaybeExcept exception
test_power.py(4, 4): ✅ pass - assert_assert(65)_calls_Any_to_bool_0
test_power.py(4, 4): ✅ pass - assert(65)
test_power.py(6, 13): ✅ pass - Check PPow!AnyMaybeExcept exception
test_power.py(7, 4): ✅ pass - assert_assert(129)_calls_Any_to_bool_0
test_power.py(7, 4): ✅ pass - assert(129)
test_power.py(10, 13): ✅ pass - Check PPow!AnyMaybeExcept exception
test_power.py(11, 4): ✅ pass - assert_assert(234)_calls_Any_to_bool_0
test_power.py(11, 4): ✅ pass - assert(234)
test_power.py(13, 13): ✅ pass - Check PPow!AnyMaybeExcept exception
test_power.py(14, 4): ✅ pass - assert_assert(302)_calls_Any_to_bool_0
test_power.py(14, 4): ✅ pass - assert(302)
test_power.py(17, 15): ✅ pass - Check PPow!AnyMaybeExcept exception
test_power.py(18, 11): ✅ pass - Check PGt!AnyMaybeExcept exception
test_power.py(18, 4): ✅ pass - assert_assert(440)_calls_Any_to_bool_0
test_power.py(18, 4): ❌ fail - assert(440)
test_power.py(20, 0): ✅ pass - ite_cond_calls_Any_to_bool_0
DETAIL: 16 passed, 1 failed, 0 inconclusive
RESULT: Failures found
