test_list.py(3, 0): ✅ pass - assert_assert(32)_calls_PIn_0
test_list.py(3, 0): ✅ pass - assert(32)
test_list.py(7, 0): ✅ pass - assert(71)
test_list.py(9, 0): ✅ pass - assert(87)
test_list.py(11, 0): ✅ pass - assert(113)
test_list.py(15, 0): ✅ pass - assert(158)
test_list.py(21, 0): ✅ pass - assert(250)
test_list.py(25, 0): ✅ pass - assert(298)
DETAIL: 8 passed, 0 failed, 0 inconclusive
RESULT: Analysis success
