test_augmod.py(2, 4): ✅ pass - assert(23)
test_augmod.py(3, 4): ✅ pass - assert_assert(39)_calls_PMod_0
test_augmod.py(3, 4): ✅ pass - Check PMod exception
test_augmod.py(3, 4): ✅ pass - set_x_calls_PMod_0
test_augmod.py(4, 4): ✅ pass - augmented mod
DETAIL: 5 passed, 0 failed, 0 inconclusive
RESULT: Analysis success
