DETAIL: Unsupported construct: `is` is only supported with None
AST: Strata.Python.expr.Compare
  { start := { byteIdx := 61 }, stop := { byteIdx := 67 } }
  (Strata.Python.expr.Name
    { start := { byteIdx := 61 }, stop := { byteIdx := 62 } }
    { ann := { start := { byteIdx := 0 }, stop := { byteIdx := 0 } }, val := "x" }
    (Strata.Python.expr_context.Load { start := { byteIdx := 0 }, stop := { byteIdx := 0 } }))
  { ann := { start := { byteIdx := 0 }, stop := { byteIdx := 0 } },
    val := #[Strata.Python.cmpop.Is { start := { byteIdx := 0 }, stop := { byteIdx := 0 } }] }
  { ann := { start := { byteIdx := 0 }, stop := { byteIdx := 0 } },
    val := #[Strata.Python.expr.Name
               { start := { byteIdx := 66 }, stop := { byteIdx := 67 } }
               { ann := { start := { byteIdx := 0 }, stop := { byteIdx := 0 } }, val := "y" }
               (Strata.Python.expr_context.Load { start := { byteIdx := 0 }, stop := { byteIdx := 0 } })] }
RESULT: Known limitation
