test_heap_reference_monotone.py(2, 4): ✅ pass - Heap reference counter monotone (ClassA@__init__)
test_heap_reference_monotone.py(5, 0): ✅ pass - (ClassA@__init__ requires) Type constraint of n
test_heap_reference_monotone.py(6, 0): ✅ pass - (ClassA@__init__ requires) Type constraint of n
test_heap_reference_monotone.py(11, 0): ✅ pass - assert(128)
unknown location: ✅ pass - Heap reference counter monotone (__main__)
DETAIL: 5 passed, 0 failed, 0 inconclusive
RESULT: Analysis success
