test_dict_in.py(3, 4): ✅ pass - key in dict
test_dict_in.py(3, 4): ✅ pass - key in dict
test_dict_in.py(3, 4): ✅ pass - key in dict
test_dict_in.py(4, 4): ✅ pass - key not in dict
test_dict_in.py(4, 4): ✅ pass - key not in dict
test_dict_in.py(4, 4): ✅ pass - key not in dict
DETAIL: 6 passed, 0 failed, 0 inconclusive
RESULT: Analysis success
