test_bubble_sort_step.py(12, 8): ✅ pass - assert(250)
test_bubble_sort_step.py(4, 8): ✅ pass - assert(78)
test_bubble_sort_step.py(8, 8): ✅ pass - assert(163)
test_bubble_sort_step.py(15, 4): ✅ pass - sorted first
test_bubble_sort_step.py(16, 4): ✅ pass - sorted second
test_bubble_sort_step.py(17, 4): ✅ pass - sorted third
DETAIL: 6 passed, 0 failed, 0 inconclusive
RESULT: Analysis success
