test_flag_pattern.py(3, 4): ✅ pass - assert(54)
test_flag_pattern.py(4, 4): ✅ pass - assume_assume(81)_calls_PIn_0
test_flag_pattern.py(4, 4): ✅ pass - assume_assume(81)_calls_Any_to_bool_1
test_flag_pattern.py(5, 11): ✅ pass - assert_assert(108)_calls_PMod_0
test_flag_pattern.py(5, 11): ✅ pass - Check PMod exception
test_flag_pattern.py(5, 8): ✅ pass - ite_cond_calls_PMod_0
test_flag_pattern.py(5, 8): ✅ pass - ite_cond_calls_Any_to_bool_1
test_flag_pattern.py(7, 11): ✅ pass - Check PNot exception
test_flag_pattern.py(7, 4): ✅ pass - assert_assert(152)_calls_Any_to_bool_0
test_flag_pattern.py(7, 4): ✅ pass - no even numbers
DETAIL: 10 passed, 0 failed, 0 inconclusive
RESULT: Analysis success
