
==== Verification Results ====
assert_assert(65)_calls_Any_to_bool_0: ✅ pass (at line 4, col 4)
assert(65): ✅ pass (at line 4, col 4)
assert_assert(129)_calls_Any_to_bool_0: ✅ pass (at line 7, col 4)
assert(129): ✅ pass (at line 7, col 4)
assert_assert(234)_calls_Any_to_bool_0: ✅ pass (at line 11, col 4)
assert(234): ✅ pass (at line 11, col 4)
assert_assert(302)_calls_Any_to_bool_0: ✅ pass (at line 14, col 4)
assert(302): ✅ pass (at line 14, col 4)
assert_assert(440)_calls_Any_to_bool_0: ✅ pass (at line 18, col 4)
Assertion failed at line 18, col 4: assert(440): ❌ fail
ite_cond_calls_Any_to_bool_0: ✅ pass (at line 20, col 0)

DETAIL: 10 passed, 1 failed, 0 inconclusive
RESULT: Failures found
