test_list_slice.py(3, 0): ✅ pass - assert(32)
test_list_slice.py(7, 0): ✅ pass - assert(145)
test_list_slice.py(9, 0): ✅ pass - assert(187)
test_list_slice.py(11, 0): ✅ pass - assert(220)
test_list_slice.py(13, 0): ✅ pass - assert(260)
test_list_slice.py(15, 0): ✅ pass - assert(307)
DETAIL: 6 passed, 0 failed, 0 inconclusive
RESULT: Analysis success
