test_unsupported_config.py(8, 4): ✅ pass - Assert No UnCaught Exception
test_unsupported_config.py(4, 0): ❓ unknown (pass on 3 paths, unknown on 2 paths) - postcondition
test_unsupported_config.py(9, 8): ❓ unknown - assert(178)
test_unsupported_config.py(24, 0): ✅ pass - ite_cond_calls_Any_to_bool_0
DETAIL: 2 passed, 0 failed, 2 inconclusive
RESULT: Inconclusive
