test_default_params.py(1, 49): ✅ pass - (greet ensures) Return type constraint
test_default_params.py(2, 4): ✅ pass - assert(58)
test_default_params.py(6, 4): ✅ pass - assert(160)
test_default_params.py(7, 4): ✅ pass - assert(180)
test_default_params.py(5, 38): ❓ unknown (pass on 2 paths, unknown on 3 paths) - (power ensures) Return type constraint
test_default_params.py(14, 4): ✅ pass - (greet requires) Type constraint of name
test_default_params.py(14, 4): ✅ pass - (greet requires) Type constraint of greeting
test_default_params.py(14, 4): ✅ pass - assert(294)
test_default_params.py(15, 4): ❓ unknown - default greeting failed
test_default_params.py(17, 4): ✅ pass - (greet requires) Type constraint of name
test_default_params.py(17, 4): ✅ pass - (greet requires) Type constraint of greeting
test_default_params.py(17, 4): ✅ pass - assert(386)
test_default_params.py(18, 4): ❓ unknown - explicit greeting failed
test_default_params.py(20, 4): ✅ pass - (power requires) Type constraint of base
test_default_params.py(20, 4): ✅ pass - (power requires) Type constraint of exp
test_default_params.py(20, 4): ✅ pass - assert(478)
test_default_params.py(21, 4): ❓ unknown - default power failed
test_default_params.py(23, 4): ✅ pass - (power requires) Type constraint of base
test_default_params.py(23, 4): ✅ pass - (power requires) Type constraint of exp
test_default_params.py(23, 4): ✅ pass - assert(545)
test_default_params.py(24, 4): ❓ unknown - explicit power failed
DETAIL: 16 passed, 0 failed, 5 inconclusive
RESULT: Inconclusive
