test_havoc_callee_after_hole_call.py(8, 0): ❓ unknown - expected unknown because xs should be havocked
test_havoc_callee_after_hole_call.py(12, 0): ❓ unknown - expected unknown because xs should be havocked
test_havoc_callee_after_hole_call.py(16, 0): ✔️ always true if reached - chained call: receiver not havocked (chained attribute is not a Name)
test_havoc_callee_after_hole_call.py(20, 0): ✔️ always true if reached - unrelated variable: nothing should be havocked
test_havoc_callee_after_hole_call.py(25, 0): ✔️ always true if reached - composite arg: heap not havocked (out of scope)
test_havoc_callee_after_hole_call.py(30, 0): ❓ unknown - expected unknown because argument locals should be havocked
test_havoc_callee_after_hole_call.py(36, 0): ❓ unknown - assume_assume(1193)_calls_PIn_0
test_havoc_callee_after_hole_call.py(37, 4): ✔️ always true if reached - for-loop over unmodeled iterator should not crash
DETAIL: 4 passed, 0 failed, 4 inconclusive
RESULT: Inconclusive
