test_class_method_call_from_main.py(6, 4): ❓ unknown - postcondition
test_class_method_call_from_main.py(10, 8): ✅ pass - assert_assert(275)_calls_Any_to_bool_0
test_class_method_call_from_main.py(10, 8): ❓ unknown - name must not be empty
test_class_method_call_from_main.py(9, 23): ❓ unknown - (Greeter@greet ensures) Return type constraint
test_class_method_call_from_main.py(13, 0): ✅ pass - ite_cond_calls_Any_to_bool_0
test_class_method_call_from_main.py(14, 4): ✅ pass - (Greeter@__init__ requires) Type constraint of name
test_class_method_call_from_main.py(15, 4): ✅ pass - assert(415)
DETAIL: 4 passed, 0 failed, 3 inconclusive
RESULT: Inconclusive
