unknown location: ✅ pass - assume_assume(0)_calls_PIn_0
unknown location: ✅ pass - assume_assume(0)_calls_Any_to_bool_1
test_for_else_break.py(4, 8): ✅ pass - ite_cond_calls_Any_to_bool_0
test_for_else_break.py(8, 4): ✅ pass - for else skipped on break
test_for_else_break.py(8, 4): ✅ pass - for else skipped on break
test_for_else_break.py(8, 4): ✅ pass - for else skipped on break
test_for_else_break.py(8, 4): ✅ pass - for else skipped on break
DETAIL: 7 passed, 0 failed, 0 inconclusive
RESULT: Analysis success
