
==== Verification Results ====
callElimAssert_d_type_12: ✅ pass
callElimAssert_days_type_4: ✅ pass
callElimAssert_hours_type_5: ✅ pass
callElimAssert_days_pos_6: ✅ pass
callElimAssert_hours_pos_7: ✅ pass
Check PSub!AnyMaybeExcept exception: ✅ pass (at line 15, col 19)
Check PLe!AnyMaybeExcept exception: ✅ pass (at line 21, col 7)
assert_assert(554)_calls_Any_to_bool_0: ✅ pass (at line 21, col 0)
assert(554): ✅ pass (at line 21, col 0)
assert_assert(673)_calls_Any_to_bool_0: ✅ pass (at line 25, col 0)
assert(673): ✅ pass (at line 25, col 0)
assert_assert(758)_calls_Any_to_bool_0: ✅ pass (at line 27, col 0)
assert(758): ✅ pass (at line 27, col 0)
Check PLe!AnyMaybeExcept exception: ✅ pass (at line 30, col 7)
assert_assert(859)_calls_Any_to_bool_0: ✅ pass (at line 30, col 0)
assert(859): ✅ pass (at line 30, col 0)

DETAIL: 16 passed, 0 failed, 0 inconclusive
RESULT: Analysis success
