test_conditional_assign.py(3, 22): ✅ pass - Check PGt exception
test_conditional_assign.py(3, 13): ✅ pass - Check PAdd exception
test_conditional_assign.py(3, 33): ✅ pass - Check PSub exception
test_conditional_assign.py(3, 4): ✅ pass - set_y_calls_Any_to_bool_0
test_conditional_assign.py(4, 4): ✅ pass - assert_assert(90)_calls_Any_to_bool_0
test_conditional_assign.py(4, 4): ✅ pass - conditional assign
DETAIL: 6 passed, 0 failed, 0 inconclusive
RESULT: Analysis success
