test_break_continue.py(2, 4): ✅ pass - assert(36)
test_break_continue.py(1, 26): ✅ pass - (test_while_break ensures) Return type constraint
test_break_continue.py(7, 4): ✅ pass - assert(129)
test_break_continue.py(6, 29): ✅ pass - (test_while_continue ensures) Return type constraint
test_break_continue.py(14, 4): ✅ pass - assume_assume(267)_calls_PIn_0
test_break_continue.py(12, 24): ✅ pass - (test_for_break ensures) Return type constraint
test_break_continue.py(19, 4): ✅ pass - assume_assume(362)_calls_PIn_0
test_break_continue.py(17, 27): ✅ pass - (test_for_continue ensures) Return type constraint
DETAIL: 8 passed, 0 failed, 0 inconclusive
RESULT: Analysis success
