
datetime_now_ensures_0: ✅ pass (in prelude)

datetime_utcnow_ensures_0: ✅ pass (in prelude)

ensures_str_strp_reverse: ✅ pass (in prelude)

assert_name_is_foo: ✅ pass (in prelude)

assert_opt_name_none_or_str: ✅ pass (in prelude)

assert_opt_name_none_or_bar: ✅ pass (in prelude)

ensures_maybe_except_none: ✅ pass (in prelude)

py_assertion: ✅ pass (at line 21, col 0)

py_assertion: ✅ pass (at line 25, col 0)

py_assertion: ✅ pass (at line 27, col 0)

Assertion failed at line 30, col 0: py_assertion: ❌ fail
