
datetime_now_ensures_0: ✅ pass (in prelude)

datetime_utcnow_ensures_0: ✅ pass (in prelude)

ensures_str_strp_reverse: ✅ pass (in prelude)

assert_name_is_foo: ✅ pass (in prelude)

assert_opt_name_none_or_str: ✅ pass (in prelude)

assert_opt_name_none_or_bar: ✅ pass (in prelude)

ensures_maybe_except_none: ✅ pass (in prelude)

Assertion failed at line 6, col 4: test_helper_procedure_assert_name_is_foo_3: ❌ fail
  Related location: in prelude file

test_helper_procedure_assert_opt_name_none_or_str_4: ✅ pass (at line 6, col 4)
  Related location: in prelude file

test_helper_procedure_assert_opt_name_none_or_bar_5: ✅ pass (at line 6, col 4)
  Related location: in prelude file

(Origin_test_helper_procedure_Requires)req_name_is_foo: ✅ pass (in prelude)

(Origin_test_helper_procedure_Requires)req_opt_name_none_or_str: ✅ pass (in prelude)

(Origin_test_helper_procedure_Requires)req_opt_name_none_or_bar: ✅ pass (in prelude)
