
ensures_maybe_except_none: verified

(Origin_test_helper_procedure_Requires)req_name_is_foo: verified

(Origin_test_helper_procedure_Requires)opt_name_none_or_str: verified

(Origin_test_helper_procedure_Requires)opt_name_none_or_bar: verified

(Origin_test_helper_procedure_Requires)req_name_is_foo: verified

(Origin_test_helper_procedure_Requires)opt_name_none_or_str: verified

(Origin_test_helper_procedure_Requires)opt_name_none_or_bar: verified

(Origin_test_helper_procedure_Requires)req_name_is_foo: failed
CEx: 

(Origin_test_helper_procedure_Requires)opt_name_none_or_str: verified

(Origin_test_helper_procedure_Requires)opt_name_none_or_bar: verified

(Origin_test_helper_procedure_Requires)req_name_is_foo: verified

(Origin_test_helper_procedure_Requires)opt_name_none_or_str: verified

(Origin_test_helper_procedure_Requires)opt_name_none_or_bar: unknown
