
ensure_timedelta_sign_matches: verified

datetime_now_ensures_0: verified

ensures_str_strp_reverse: verified

assert_name_is_foo: verified

assert_opt_name_none_or_str: verified

assert_opt_name_none_or_bar: verified

ensures_maybe_except_none: verified

py_assertion: unknown

py_assertion: unknown

py_assertion: unknown

py_assertion: unknown

