
ensure_timedelta_sign_matches: verified

datetime_now_ensures_0: verified

assert_name_is_foo: verified

assert_opt_name_none_or_str: verified

assert_opt_name_none_or_bar: verified

ensures_maybe_except_none: verified

py_assertion: unknown

py_assertion: unknown

my_f_py_assertion_35: verified

my_f_str_py_assertion_57: unknown

